array:5 [
  "message" => "Undefined array key "deadline""
  "exception" => "ErrorException"
  "file" => "/var/www/html/app/Http/Controllers/ProjectController.php"
  "line" => 29
  "trace" => array:53 [
    0 => array:5 [
      "file" => "/var/www/html/vendor/laravel/framework/src/Illuminate/Foundation/Bootstrap/HandleExceptions.php"
      "line" => 258
      "function" => "handleError"
      "class" => "Illuminate\Foundation\Bootstrap\HandleExceptions"
      "type" => "->"
    ]
    1 => array:5 [
      "file" => "/var/www/html/app/Http/Controllers/ProjectController.php"
      "line" => 29
      "function" => "{closure:Illuminate\Foundation\Bootstrap\HandleExceptions::forwardsTo():257}"
      "class" => "Illuminate\Foundation\Bootstrap\HandleExceptions"
      "type" => "->"
    ]
    2 => array:5 [
      "file" => "/var/www/html/vendor/laravel/framework/src/Illuminate/Routing/ControllerDispatcher.php"
      "line" => 46
      "function" => "store"
      "class" => "App\Http\Controllers\ProjectController"
      "type" => "->"
    ]
    3 => array:5 [
      "file" => "/var/www/html/vendor/laravel/framework/src/Illuminate/Routing/Route.php"
      "line" => 265
      "function" => "dispatch"
      "class" => "Illuminate\Routing\ControllerDispatcher"
      "type" => "->"
    ]
    4 => array:5 [
      "file" => "/var/www/html/vendor/laravel/framework/src/Illuminate/Routing/Route.php"
      "line" => 211
      "function" => "runController"
      "class" => "Illuminate\Routing\Route"
      "type" => "->"
    ]
    5 => array:5 [
      "file" => "/var/www/html/vendor/laravel/framework/src/Illuminate/Routing/Router.php"
      "line" => 822
      "function" => "run"
      "class" => "Illuminate\Routing\Route"
      "type" => "->"
    ]
    6 => array:5 [
      "file" => "/var/www/html/vendor/laravel/framework/src/Illuminate/Pipeline/Pipeline.php"
      "line" => 180
      "function" => "{closure:Illuminate\Routing\Router::runRouteWithinStack():821}"
      "class" => "Illuminate\Routing\Router"
      "type" => "->"
    ]
    7 => array:5 [
      "file" => "/var/www/html/vendor/laravel/framework/src/Illuminate/Routing/Middleware/SubstituteBindings.php"
      "line" => 50
      "function" => "{closure:Illuminate\Pipeline\Pipeline::prepareDestination():178}"
      "class" => "Illuminate\Pipeline\Pipeline"
      "type" => "->"
    ]
    8 => array:5 [
      "file" => "/var/www/html/vendor/laravel/framework/src/Illuminate/Pipeline/Pipeline.php"
      "line" => 219
      "function" => "handle"
      "class" => "Illuminate\Routing\Middleware\SubstituteBindings"
      "type" => "->"
    ]
    9 => array:5 [
      "file" => "/var/www/html/vendor/laravel/framework/src/Illuminate/Auth/Middleware/Authenticate.php"
      "line" => 63
      "function" => "{closure:{closure:Illuminate\Pipeline\Pipeline::carry():194}:195}"
      "class" => "Illuminate\Pipeline\Pipeline"
      "type" => "->"
    ]
    10 => array:5 [
      "file" => "/var/www/html/vendor/laravel/framework/src/Illuminate/Pipeline/Pipeline.php"
      "line" => 219
      "function" => "handle"
      "class" => "Illuminate\Auth\Middleware\Authenticate"
      "type" => "->"
    ]
    11 => array:5 [
      "file" => "/var/www/html/vendor/laravel/framework/src/Illuminate/Pipeline/Pipeline.php"
      "line" => 137
      "function" => "{closure:{closure:Illuminate\Pipeline\Pipeline::carry():194}:195}"
      "class" => "Illuminate\Pipeline\Pipeline"
      "type" => "->"
    ]
    12 => array:5 [
      "file" => "/var/www/html/vendor/laravel/framework/src/Illuminate/Routing/Router.php"
      "line" => 821
      "function" => "then"
      "class" => "Illuminate\Pipeline\Pipeline"
      "type" => "->"
    ]
    13 => array:5 [
      "file" => "/var/www/html/vendor/laravel/framework/src/Illuminate/Routing/Router.php"
      "line" => 800
      "function" => "runRouteWithinStack"
      "class" => "Illuminate\Routing\Router"
      "type" => "->"
    ]
    14 => array:5 [
      "file" => "/var/www/html/vendor/laravel/framework/src/Illuminate/Routing/Router.php"
      "line" => 764
      "function" => "runRoute"
      "class" => "Illuminate\Routing\Router"
      "type" => "->"
    ]
    15 => array:5 [
      "file" => "/var/www/html/vendor/laravel/framework/src/Illuminate/Routing/Router.php"
      "line" => 753
      "function" => "dispatchToRoute"
      "class" => "Illuminate\Routing\Router"
      "type" => "->"
    ]
    16 => array:5 [
      "file" => "/var/www/html/vendor/laravel/framework/src/Illuminate/Foundation/Http/Kernel.php"
      "line" => 200
      "function" => "dispatch"
      "class" => "Illuminate\Routing\Router"
      "type" => "->"
    ]
    17 => array:5 [
      "file" => "/var/www/html/vendor/laravel/framework/src/Illuminate/Pipeline/Pipeline.php"
      "line" => 180
      "function" => "{closure:Illuminate\Foundation\Http\Kernel::dispatchToRouter():197}"
      "class" => "Illuminate\Foundation\Http\Kernel"
      "type" => "->"
    ]
    18 => array:5 [
      "file" => "/var/www/html/vendor/laravel/framework/src/Illuminate/Foundation/Http/Middleware/TransformsRequest.php"
      "line" => 21
      "function" => "{closure:Illuminate\Pipeline\Pipeline::prepareDestination():178}"
      "class" => "Illuminate\Pipeline\Pipeline"
      "type" => "->"
    ]
    19 => array:5 [
      "file" => "/var/www/html/vendor/laravel/framework/src/Illuminate/Foundation/Http/Middleware/ConvertEmptyStringsToNull.php"
      "line" => 31
      "function" => "handle"
      "class" => "Illuminate\Foundation\Http\Middleware\TransformsRequest"
      "type" => "->"
    ]
    20 => array:5 [
      "file" => "/var/www/html/vendor/laravel/framework/src/Illuminate/Pipeline/Pipeline.php"
      "line" => 219
      "function" => "handle"
      "class" => "Illuminate\Foundation\Http\Middleware\ConvertEmptyStringsToNull"
      "type" => "->"
    ]
    21 => array:5 [
      "file" => "/var/www/html/vendor/laravel/framework/src/Illuminate/Foundation/Http/Middleware/TransformsRequest.php"
      "line" => 21
      "function" => "{closure:{closure:Illuminate\Pipeline\Pipeline::carry():194}:195}"
      "class" => "Illuminate\Pipeline\Pipeline"
      "type" => "->"
    ]
    22 => array:5 [
      "file" => "/var/www/html/vendor/laravel/framework/src/Illuminate/Foundation/Http/Middleware/TrimStrings.php"
      "line" => 51
      "function" => "handle"
      "class" => "Illuminate\Foundation\Http\Middleware\TransformsRequest"
      "type" => "->"
    ]
    23 => array:5 [
      "file" => "/var/www/html/vendor/laravel/framework/src/Illuminate/Pipeline/Pipeline.php"
      "line" => 219
      "function" => "handle"
      "class" => "Illuminate\Foundation\Http\Middleware\TrimStrings"
      "type" => "->"
    ]
    24 => array:5 [
      "file" => "/var/www/html/vendor/laravel/framework/src/Illuminate/Http/Middleware/ValidatePostSize.php"
      "line" => 27
      "function" => "{closure:{closure:Illuminate\Pipeline\Pipeline::carry():194}:195}"
      "class" => "Illuminate\Pipeline\Pipeline"
      "type" => "->"
    ]
    25 => array:5 [
      "file" => "/var/www/html/vendor/laravel/framework/src/Illuminate/Pipeline/Pipeline.php"
      "line" => 219
      "function" => "handle"
      "class" => "Illuminate\Http\Middleware\ValidatePostSize"
      "type" => "->"
    ]
    26 => array:5 [
      "file" => "/var/www/html/vendor/laravel/framework/src/Illuminate/Foundation/Http/Middleware/PreventRequestsDuringMaintenance.php"
      "line" => 109
      "function" => "{closure:{closure:Illuminate\Pipeline\Pipeline::carry():194}:195}"
      "class" => "Illuminate\Pipeline\Pipeline"
      "type" => "->"
    ]
    27 => array:5 [
      "file" => "/var/www/html/vendor/laravel/framework/src/Illuminate/Pipeline/Pipeline.php"
      "line" => 219
      "function" => "handle"
      "class" => "Illuminate\Foundation\Http\Middleware\PreventRequestsDuringMaintenance"
      "type" => "->"
    ]
    28 => array:5 [
      "file" => "/var/www/html/vendor/laravel/framework/src/Illuminate/Http/Middleware/HandleCors.php"
      "line" => 61
      "function" => "{closure:{closure:Illuminate\Pipeline\Pipeline::carry():194}:195}"
      "class" => "Illuminate\Pipeline\Pipeline"
      "type" => "->"
    ]
    29 => array:5 [
      "file" => "/var/www/html/vendor/laravel/framework/src/Illuminate/Pipeline/Pipeline.php"
      "line" => 219
      "function" => "handle"
      "class" => "Illuminate\Http\Middleware\HandleCors"
      "type" => "->"
    ]
    30 => array:5 [
      "file" => "/var/www/html/vendor/laravel/framework/src/Illuminate/Http/Middleware/TrustProxies.php"
      "line" => 58
      "function" => "{closure:{closure:Illuminate\Pipeline\Pipeline::carry():194}:195}"
      "class" => "Illuminate\Pipeline\Pipeline"
      "type" => "->"
    ]
    31 => array:5 [
      "file" => "/var/www/html/vendor/laravel/framework/src/Illuminate/Pipeline/Pipeline.php"
      "line" => 219
      "function" => "handle"
      "class" => "Illuminate\Http\Middleware\TrustProxies"
      "type" => "->"
    ]
    32 => array:5 [
      "file" => "/var/www/html/vendor/laravel/framework/src/Illuminate/Foundation/Http/Middleware/InvokeDeferredCallbacks.php"
      "line" => 22
      "function" => "{closure:{closure:Illuminate\Pipeline\Pipeline::carry():194}:195}"
      "class" => "Illuminate\Pipeline\Pipeline"
      "type" => "->"
    ]
    33 => array:5 [
      "file" => "/var/www/html/vendor/laravel/framework/src/Illuminate/Pipeline/Pipeline.php"
      "line" => 219
      "function" => "handle"
      "class" => "Illuminate\Foundation\Http\Middleware\InvokeDeferredCallbacks"
      "type" => "->"
    ]
    34 => array:5 [
      "file" => "/var/www/html/vendor/laravel/framework/src/Illuminate/Http/Middleware/ValidatePathEncoding.php"
      "line" => 26
      "function" => "{closure:{closure:Illuminate\Pipeline\Pipeline::carry():194}:195}"
      "class" => "Illuminate\Pipeline\Pipeline"
      "type" => "->"
    ]
    35 => array:5 [
      "file" => "/var/www/html/vendor/laravel/framework/src/Illuminate/Pipeline/Pipeline.php"
      "line" => 219
      "function" => "handle"
      "class" => "Illuminate\Http\Middleware\ValidatePathEncoding"
      "type" => "->"
    ]
    36 => array:5 [
      "file" => "/var/www/html/vendor/laravel/framework/src/Illuminate/Pipeline/Pipeline.php"
      "line" => 137
      "function" => "{closure:{closure:Illuminate\Pipeline\Pipeline::carry():194}:195}"
      "class" => "Illuminate\Pipeline\Pipeline"
      "type" => "->"
    ]
    37 => array:5 [
      "file" => "/var/www/html/vendor/laravel/framework/src/Illuminate/Foundation/Http/Kernel.php"
      "line" => 175
      "function" => "then"
      "class" => "Illuminate\Pipeline\Pipeline"
      "type" => "->"
    ]
    38 => array:5 [
      "file" => "/var/www/html/vendor/laravel/framework/src/Illuminate/Foundation/Http/Kernel.php"
      "line" => 144
      "function" => "sendRequestThroughRouter"
      "class" => "Illuminate\Foundation\Http\Kernel"
      "type" => "->"
    ]
    39 => array:5 [
      "file" => "/var/www/html/vendor/laravel/framework/src/Illuminate/Foundation/Testing/Concerns/MakesHttpRequests.php"
      "line" => 607
      "function" => "handle"
      "class" => "Illuminate\Foundation\Http\Kernel"
      "type" => "->"
    ]
    40 => array:5 [
      "file" => "/var/www/html/vendor/laravel/framework/src/Illuminate/Foundation/Testing/Concerns/MakesHttpRequests.php"
      "line" => 573
      "function" => "call"
      "class" => "Illuminate\Foundation\Testing\TestCase"
      "type" => "->"
    ]
    41 => array:5 [
      "file" => "/var/www/html/vendor/laravel/framework/src/Illuminate/Foundation/Testing/Concerns/MakesHttpRequests.php"
      "line" => 411
      "function" => "json"
      "class" => "Illuminate\Foundation\Testing\TestCase"
      "type" => "->"
    ]
    42 => array:5 [
      "file" => "/var/www/html/tests/Feature/ProjectTest.php"
      "line" => 37
      "function" => "postJson"
      "class" => "Illuminate\Foundation\Testing\TestCase"
      "type" => "->"
    ]
    43 => array:5 [
      "file" => "/var/www/html/vendor/phpunit/phpunit/src/Framework/TestCase.php"
      "line" => 1657
      "function" => "test_user_can_create_project"
      "class" => "Tests\Feature\ProjectTest"
      "type" => "->"
    ]
    44 => array:5 [
      "file" => "/var/www/html/vendor/phpunit/phpunit/src/Framework/TestCase.php"
      "line" => 515
      "function" => "runTest"
      "class" => "PHPUnit\Framework\TestCase"
      "type" => "->"
    ]
    45 => array:5 [
      "file" => "/var/www/html/vendor/phpunit/phpunit/src/Framework/TestRunner/TestRunner.php"
      "line" => 87
      "function" => "runBare"
      "class" => "PHPUnit\Framework\TestCase"
      "type" => "->"
    ]
    46 => array:5 [
      "file" => "/var/www/html/vendor/phpunit/phpunit/src/Framework/TestCase.php"
      "line" => 361
      "function" => "run"
      "class" => "PHPUnit\Framework\TestRunner"
      "type" => "->"
    ]
    47 => array:5 [
      "file" => "/var/www/html/vendor/phpunit/phpunit/src/Framework/TestSuite.php"
      "line" => 369
      "function" => "run"
      "class" => "PHPUnit\Framework\TestCase"
      "type" => "->"
    ]
    48 => array:5 [
      "file" => "/var/www/html/vendor/phpunit/phpunit/src/Framework/TestSuite.php"
      "line" => 369
      "function" => "run"
      "class" => "PHPUnit\Framework\TestSuite"
      "type" => "->"
    ]
    49 => array:5 [
      "file" => "/var/www/html/vendor/phpunit/phpunit/src/Framework/TestSuite.php"
      "line" => 369
      "function" => "run"
      "class" => "PHPUnit\Framework\TestSuite"
      "type" => "->"
    ]
    50 => array:5 [
      "file" => "/var/www/html/vendor/phpunit/phpunit/src/TextUI/TestRunner.php"
      "line" => 64
      "function" => "run"
      "class" => "PHPUnit\Framework\TestSuite"
      "type" => "->"
    ]
    51 => array:5 [
      "file" => "/var/www/html/vendor/phpunit/phpunit/src/TextUI/Application.php"
      "line" => 211
      "function" => "run"
      "class" => "PHPUnit\TextUI\TestRunner"
      "type" => "->"
    ]
    52 => array:5 [
      "file" => "/var/www/html/vendor/phpunit/phpunit/phpunit"
      "line" => 104
      "function" => "run"
      "class" => "PHPUnit\TextUI\Application"
      "type" => "->"
    ]
  ]
] // tests/Feature/ProjectTest.php:45
